// Jest Snapshot v1, https://goo.gl/fbAQLP

exports[`<Photos /> it should mount 1`] = `
Object {
  "asFragment": [Function],
  "baseElement": <body>
    <div>
      <div
        class="Photos"
        data-testid="Photos"
      >
        <div
          class="HeaderContent"
          data-testid="HeaderContent"
        >
          <p
            class="name"
          >
            Александр Великодный
          </p>
          <h2
            class="section"
          >
            Фотографии
            <span
              class="count"
            >
              13
            </span>
          </h2>
        </div>
        <div
          class="albums"
        >
          <img
            class="photo"
            src="https://sun9-20.userapi.com/impg/lcUChi9t4AE4CmbvwLOAaPDsnyIVqSD6-ldjGw/qYgMUAPs-n0.jpg?size=1280x963&quality=96&sign=93c1e800bd1f11098a15659a713ad0de&type=album"
          />
          <img
            class="photo"
            src="https://sun9-20.userapi.com/impg/lcUChi9t4AE4CmbvwLOAaPDsnyIVqSD6-ldjGw/qYgMUAPs-n0.jpg?size=1280x963&quality=96&sign=93c1e800bd1f11098a15659a713ad0de&type=album"
          />
          <img
            class="photo"
            src="https://sun9-20.userapi.com/impg/lcUChi9t4AE4CmbvwLOAaPDsnyIVqSD6-ldjGw/qYgMUAPs-n0.jpg?size=1280x963&quality=96&sign=93c1e800bd1f11098a15659a713ad0de&type=album"
          />
          <img
            class="photo"
            src="https://sun9-20.userapi.com/impg/lcUChi9t4AE4CmbvwLOAaPDsnyIVqSD6-ldjGw/qYgMUAPs-n0.jpg?size=1280x963&quality=96&sign=93c1e800bd1f11098a15659a713ad0de&type=album"
          />
          <img
            class="photo"
            src="https://sun9-20.userapi.com/impg/lcUChi9t4AE4CmbvwLOAaPDsnyIVqSD6-ldjGw/qYgMUAPs-n0.jpg?size=1280x963&quality=96&sign=93c1e800bd1f11098a15659a713ad0de&type=album"
          />
          <img
            class="photo"
            src="https://sun9-20.userapi.com/impg/lcUChi9t4AE4CmbvwLOAaPDsnyIVqSD6-ldjGw/qYgMUAPs-n0.jpg?size=1280x963&quality=96&sign=93c1e800bd1f11098a15659a713ad0de&type=album"
          />
          <img
            class="photo"
            src="https://sun9-20.userapi.com/impg/lcUChi9t4AE4CmbvwLOAaPDsnyIVqSD6-ldjGw/qYgMUAPs-n0.jpg?size=1280x963&quality=96&sign=93c1e800bd1f11098a15659a713ad0de&type=album"
          />
          <img
            class="photo"
            src="https://sun9-20.userapi.com/impg/lcUChi9t4AE4CmbvwLOAaPDsnyIVqSD6-ldjGw/qYgMUAPs-n0.jpg?size=1280x963&quality=96&sign=93c1e800bd1f11098a15659a713ad0de&type=album"
          />
          <img
            class="photo"
            src="https://sun9-20.userapi.com/impg/lcUChi9t4AE4CmbvwLOAaPDsnyIVqSD6-ldjGw/qYgMUAPs-n0.jpg?size=1280x963&quality=96&sign=93c1e800bd1f11098a15659a713ad0de&type=album"
          />
          <img
            class="photo"
            src="https://sun9-20.userapi.com/impg/lcUChi9t4AE4CmbvwLOAaPDsnyIVqSD6-ldjGw/qYgMUAPs-n0.jpg?size=1280x963&quality=96&sign=93c1e800bd1f11098a15659a713ad0de&type=album"
          />
          <img
            class="photo"
            src="https://sun9-20.userapi.com/impg/lcUChi9t4AE4CmbvwLOAaPDsnyIVqSD6-ldjGw/qYgMUAPs-n0.jpg?size=1280x963&quality=96&sign=93c1e800bd1f11098a15659a713ad0de&type=album"
          />
          <img
            class="photo"
            src="https://sun9-20.userapi.com/impg/lcUChi9t4AE4CmbvwLOAaPDsnyIVqSD6-ldjGw/qYgMUAPs-n0.jpg?size=1280x963&quality=96&sign=93c1e800bd1f11098a15659a713ad0de&type=album"
          />
          <img
            class="photo"
            src="https://sun9-20.userapi.com/impg/lcUChi9t4AE4CmbvwLOAaPDsnyIVqSD6-ldjGw/qYgMUAPs-n0.jpg?size=1280x963&quality=96&sign=93c1e800bd1f11098a15659a713ad0de&type=album"
          />
          <img
            class="photo"
            src="https://sun9-20.userapi.com/impg/lcUChi9t4AE4CmbvwLOAaPDsnyIVqSD6-ldjGw/qYgMUAPs-n0.jpg?size=1280x963&quality=96&sign=93c1e800bd1f11098a15659a713ad0de&type=album"
          />
          <img
            class="photo"
            src="https://sun9-20.userapi.com/impg/lcUChi9t4AE4CmbvwLOAaPDsnyIVqSD6-ldjGw/qYgMUAPs-n0.jpg?size=1280x963&quality=96&sign=93c1e800bd1f11098a15659a713ad0de&type=album"
          />
          <img
            class="photo"
            src="https://sun9-20.userapi.com/impg/lcUChi9t4AE4CmbvwLOAaPDsnyIVqSD6-ldjGw/qYgMUAPs-n0.jpg?size=1280x963&quality=96&sign=93c1e800bd1f11098a15659a713ad0de&type=album"
          />
        </div>
      </div>
    </div>
  </body>,
  "container": <div>
    <div
      class="Photos"
      data-testid="Photos"
    >
      <div
        class="HeaderContent"
        data-testid="HeaderContent"
      >
        <p
          class="name"
        >
          Александр Великодный
        </p>
        <h2
          class="section"
        >
          Фотографии
          <span
            class="count"
          >
            13
          </span>
        </h2>
      </div>
      <div
        class="albums"
      >
        <img
          class="photo"
          src="https://sun9-20.userapi.com/impg/lcUChi9t4AE4CmbvwLOAaPDsnyIVqSD6-ldjGw/qYgMUAPs-n0.jpg?size=1280x963&quality=96&sign=93c1e800bd1f11098a15659a713ad0de&type=album"
        />
        <img
          class="photo"
          src="https://sun9-20.userapi.com/impg/lcUChi9t4AE4CmbvwLOAaPDsnyIVqSD6-ldjGw/qYgMUAPs-n0.jpg?size=1280x963&quality=96&sign=93c1e800bd1f11098a15659a713ad0de&type=album"
        />
        <img
          class="photo"
          src="https://sun9-20.userapi.com/impg/lcUChi9t4AE4CmbvwLOAaPDsnyIVqSD6-ldjGw/qYgMUAPs-n0.jpg?size=1280x963&quality=96&sign=93c1e800bd1f11098a15659a713ad0de&type=album"
        />
        <img
          class="photo"
          src="https://sun9-20.userapi.com/impg/lcUChi9t4AE4CmbvwLOAaPDsnyIVqSD6-ldjGw/qYgMUAPs-n0.jpg?size=1280x963&quality=96&sign=93c1e800bd1f11098a15659a713ad0de&type=album"
        />
        <img
          class="photo"
          src="https://sun9-20.userapi.com/impg/lcUChi9t4AE4CmbvwLOAaPDsnyIVqSD6-ldjGw/qYgMUAPs-n0.jpg?size=1280x963&quality=96&sign=93c1e800bd1f11098a15659a713ad0de&type=album"
        />
        <img
          class="photo"
          src="https://sun9-20.userapi.com/impg/lcUChi9t4AE4CmbvwLOAaPDsnyIVqSD6-ldjGw/qYgMUAPs-n0.jpg?size=1280x963&quality=96&sign=93c1e800bd1f11098a15659a713ad0de&type=album"
        />
        <img
          class="photo"
          src="https://sun9-20.userapi.com/impg/lcUChi9t4AE4CmbvwLOAaPDsnyIVqSD6-ldjGw/qYgMUAPs-n0.jpg?size=1280x963&quality=96&sign=93c1e800bd1f11098a15659a713ad0de&type=album"
        />
        <img
          class="photo"
          src="https://sun9-20.userapi.com/impg/lcUChi9t4AE4CmbvwLOAaPDsnyIVqSD6-ldjGw/qYgMUAPs-n0.jpg?size=1280x963&quality=96&sign=93c1e800bd1f11098a15659a713ad0de&type=album"
        />
        <img
          class="photo"
          src="https://sun9-20.userapi.com/impg/lcUChi9t4AE4CmbvwLOAaPDsnyIVqSD6-ldjGw/qYgMUAPs-n0.jpg?size=1280x963&quality=96&sign=93c1e800bd1f11098a15659a713ad0de&type=album"
        />
        <img
          class="photo"
          src="https://sun9-20.userapi.com/impg/lcUChi9t4AE4CmbvwLOAaPDsnyIVqSD6-ldjGw/qYgMUAPs-n0.jpg?size=1280x963&quality=96&sign=93c1e800bd1f11098a15659a713ad0de&type=album"
        />
        <img
          class="photo"
          src="https://sun9-20.userapi.com/impg/lcUChi9t4AE4CmbvwLOAaPDsnyIVqSD6-ldjGw/qYgMUAPs-n0.jpg?size=1280x963&quality=96&sign=93c1e800bd1f11098a15659a713ad0de&type=album"
        />
        <img
          class="photo"
          src="https://sun9-20.userapi.com/impg/lcUChi9t4AE4CmbvwLOAaPDsnyIVqSD6-ldjGw/qYgMUAPs-n0.jpg?size=1280x963&quality=96&sign=93c1e800bd1f11098a15659a713ad0de&type=album"
        />
        <img
          class="photo"
          src="https://sun9-20.userapi.com/impg/lcUChi9t4AE4CmbvwLOAaPDsnyIVqSD6-ldjGw/qYgMUAPs-n0.jpg?size=1280x963&quality=96&sign=93c1e800bd1f11098a15659a713ad0de&type=album"
        />
        <img
          class="photo"
          src="https://sun9-20.userapi.com/impg/lcUChi9t4AE4CmbvwLOAaPDsnyIVqSD6-ldjGw/qYgMUAPs-n0.jpg?size=1280x963&quality=96&sign=93c1e800bd1f11098a15659a713ad0de&type=album"
        />
        <img
          class="photo"
          src="https://sun9-20.userapi.com/impg/lcUChi9t4AE4CmbvwLOAaPDsnyIVqSD6-ldjGw/qYgMUAPs-n0.jpg?size=1280x963&quality=96&sign=93c1e800bd1f11098a15659a713ad0de&type=album"
        />
        <img
          class="photo"
          src="https://sun9-20.userapi.com/impg/lcUChi9t4AE4CmbvwLOAaPDsnyIVqSD6-ldjGw/qYgMUAPs-n0.jpg?size=1280x963&quality=96&sign=93c1e800bd1f11098a15659a713ad0de&type=album"
        />
      </div>
    </div>
  </div>,
  "debug": [Function],
  "findAllByAltText": [Function],
  "findAllByDisplayValue": [Function],
  "findAllByLabelText": [Function],
  "findAllByPlaceholderText": [Function],
  "findAllByRole": [Function],
  "findAllByTestId": [Function],
  "findAllByText": [Function],
  "findAllByTitle": [Function],
  "findByAltText": [Function],
  "findByDisplayValue": [Function],
  "findByLabelText": [Function],
  "findByPlaceholderText": [Function],
  "findByRole": [Function],
  "findByTestId": [Function],
  "findByText": [Function],
  "findByTitle": [Function],
  "getAllByAltText": [Function],
  "getAllByDisplayValue": [Function],
  "getAllByLabelText": [Function],
  "getAllByPlaceholderText": [Function],
  "getAllByRole": [Function],
  "getAllByTestId": [Function],
  "getAllByText": [Function],
  "getAllByTitle": [Function],
  "getByAltText": [Function],
  "getByDisplayValue": [Function],
  "getByLabelText": [Function],
  "getByPlaceholderText": [Function],
  "getByRole": [Function],
  "getByTestId": [Function],
  "getByText": [Function],
  "getByTitle": [Function],
  "queryAllByAltText": [Function],
  "queryAllByDisplayValue": [Function],
  "queryAllByLabelText": [Function],
  "queryAllByPlaceholderText": [Function],
  "queryAllByRole": [Function],
  "queryAllByTestId": [Function],
  "queryAllByText": [Function],
  "queryAllByTitle": [Function],
  "queryByAltText": [Function],
  "queryByDisplayValue": [Function],
  "queryByLabelText": [Function],
  "queryByPlaceholderText": [Function],
  "queryByRole": [Function],
  "queryByTestId": [Function],
  "queryByText": [Function],
  "queryByTitle": [Function],
  "rerender": [Function],
  "unmount": [Function],
}
`;
