// Jest Snapshot v1, https://goo.gl/fbAQLP

exports[`<Login /> it should mount 1`] = `
Object {
  "asFragment": [Function],
  "baseElement": <body>
    <div>
      <div
        class="vkloginHeader"
      >
        <p
          class="vkloginHeaderPretitle"
        >
          Добро пожаловать в
        </p>
        <p
          class="vkloginHeaderTitle"
        >
          ПИВАНДОПАЛУ
        </p>
        <div
          class="loginForm"
        >
          <div
            class="container"
          >
            <div
              class="screen"
            >
              <div
                class="screen__content"
              >
                <h1>
                  Заходи
                </h1>
                <form
                  class="login"
                >
                  <div
                    class="login__field"
                  >
                    <input
                      class="login__input"
                      placeholder="User name"
                      type="text"
                    />
                  </div>
                  <div
                    class="login__field"
                  >
                    <input
                      class="login__input"
                      placeholder="Пароль"
                      type="password"
                    />
                  </div>
                  <button
                    class="button login__submit"
                  >
                    <span
                      class="button__text"
                    >
                      Зайти
                    </span>
                  </button>
                </form>
              </div>
              <div
                class="screen__background"
              >
                <span
                  class="screen__background__shape screen__background__shape4"
                />
                <span
                  class="screen__background__shape screen__background__shape3"
                />
                <span
                  class="screen__background__shape screen__background__shape2"
                />
                <span
                  class="screen__background__shape screen__background__shape1"
                />
              </div>
            </div>
          </div>
        </div>
      </div>
    </div>
  </body>,
  "container": <div>
    <div
      class="vkloginHeader"
    >
      <p
        class="vkloginHeaderPretitle"
      >
        Добро пожаловать в
      </p>
      <p
        class="vkloginHeaderTitle"
      >
        ПИВАНДОПАЛУ
      </p>
      <div
        class="loginForm"
      >
        <div
          class="container"
        >
          <div
            class="screen"
          >
            <div
              class="screen__content"
            >
              <h1>
                Заходи
              </h1>
              <form
                class="login"
              >
                <div
                  class="login__field"
                >
                  <input
                    class="login__input"
                    placeholder="User name"
                    type="text"
                  />
                </div>
                <div
                  class="login__field"
                >
                  <input
                    class="login__input"
                    placeholder="Пароль"
                    type="password"
                  />
                </div>
                <button
                  class="button login__submit"
                >
                  <span
                    class="button__text"
                  >
                    Зайти
                  </span>
                </button>
              </form>
            </div>
            <div
              class="screen__background"
            >
              <span
                class="screen__background__shape screen__background__shape4"
              />
              <span
                class="screen__background__shape screen__background__shape3"
              />
              <span
                class="screen__background__shape screen__background__shape2"
              />
              <span
                class="screen__background__shape screen__background__shape1"
              />
            </div>
          </div>
        </div>
      </div>
    </div>
  </div>,
  "debug": [Function],
  "findAllByAltText": [Function],
  "findAllByDisplayValue": [Function],
  "findAllByLabelText": [Function],
  "findAllByPlaceholderText": [Function],
  "findAllByRole": [Function],
  "findAllByTestId": [Function],
  "findAllByText": [Function],
  "findAllByTitle": [Function],
  "findByAltText": [Function],
  "findByDisplayValue": [Function],
  "findByLabelText": [Function],
  "findByPlaceholderText": [Function],
  "findByRole": [Function],
  "findByTestId": [Function],
  "findByText": [Function],
  "findByTitle": [Function],
  "getAllByAltText": [Function],
  "getAllByDisplayValue": [Function],
  "getAllByLabelText": [Function],
  "getAllByPlaceholderText": [Function],
  "getAllByRole": [Function],
  "getAllByTestId": [Function],
  "getAllByText": [Function],
  "getAllByTitle": [Function],
  "getByAltText": [Function],
  "getByDisplayValue": [Function],
  "getByLabelText": [Function],
  "getByPlaceholderText": [Function],
  "getByRole": [Function],
  "getByTestId": [Function],
  "getByText": [Function],
  "getByTitle": [Function],
  "queryAllByAltText": [Function],
  "queryAllByDisplayValue": [Function],
  "queryAllByLabelText": [Function],
  "queryAllByPlaceholderText": [Function],
  "queryAllByRole": [Function],
  "queryAllByTestId": [Function],
  "queryAllByText": [Function],
  "queryAllByTitle": [Function],
  "queryByAltText": [Function],
  "queryByDisplayValue": [Function],
  "queryByLabelText": [Function],
  "queryByPlaceholderText": [Function],
  "queryByRole": [Function],
  "queryByTestId": [Function],
  "queryByText": [Function],
  "queryByTitle": [Function],
  "rerender": [Function],
  "unmount": [Function],
}
`;
